Scheduler: AUTO_SYNC disabled, sync job not added
Scheduler started in pid=28548 with jobs=['advanced_notifications_check', 'weather_change_check', 'daily_morning_report', 'database_backup_maintenance', 'weather_daily_summary']
 * Serving Flask app 'app'
 * Debug mode: off
Scheduler job started: app.blueprints.notifications.run_advanced_notification_scheduler
advanced scheduler skipped: no latest reading
Scheduler job finished: app.blueprints.notifications.run_advanced_notification_scheduler
Scheduler listener: job advanced_notifications_check executed
Scheduler job started: app.blueprints.notifications.run_weather_checks
Scheduler job finished: app.blueprints.notifications.run_weather_checks
Scheduler listener: job weather_change_check executed
Scheduler job started: app.blueprints.notifications.run_advanced_notification_scheduler
advanced scheduler skipped: no latest reading
Scheduler job finished: app.blueprints.notifications.run_advanced_notification_scheduler
Scheduler listener: job advanced_notifications_check executed
Scheduler job started: app.blueprints.notifications.run_advanced_notification_scheduler
advanced scheduler skipped: no latest reading
Scheduler job finished: app.blueprints.notifications.run_advanced_notification_scheduler
Scheduler listener: job advanced_notifications_check executed
Scheduler job started: app.blueprints.notifications.run_advanced_notification_scheduler
advanced scheduler skipped: no latest reading
Scheduler job finished: app.blueprints.notifications.run_advanced_notification_scheduler
Scheduler listener: job advanced_notifications_check executed
Scheduler job started: app.blueprints.notifications.run_advanced_notification_scheduler
advanced scheduler skipped: no latest reading
Scheduler job finished: app.blueprints.notifications.run_advanced_notification_scheduler
Scheduler listener: job advanced_notifications_check executed
Scheduler job started: app.blueprints.notifications.run_advanced_notification_scheduler
advanced scheduler skipped: no latest reading
Scheduler job finished: app.blueprints.notifications.run_advanced_notification_scheduler
Scheduler listener: job advanced_notifications_check executed
Scheduler job started: app.blueprints.notifications.run_advanced_notification_scheduler
advanced scheduler skipped: no latest reading
Scheduler job finished: app.blueprints.notifications.run_advanced_notification_scheduler
Scheduler listener: job advanced_notifications_check executed
Scheduler job started: app.blueprints.notifications.run_advanced_notification_scheduler
advanced scheduler skipped: no latest reading
Scheduler job finished: app.blueprints.notifications.run_advanced_notification_scheduler
Scheduler listener: job advanced_notifications_check executed
Scheduler job started: app.blueprints.notifications.run_advanced_notification_scheduler
advanced scheduler skipped: no latest reading
Scheduler job finished: app.blueprints.notifications.run_advanced_notification_scheduler
Scheduler listener: job advanced_notifications_check executed
Scheduler job started: app.blueprints.notifications.run_advanced_notification_scheduler
advanced scheduler skipped: no latest reading
Scheduler job finished: app.blueprints.notifications.run_advanced_notification_scheduler
Scheduler listener: job advanced_notifications_check executed
Scheduler job started: app.blueprints.notifications.run_advanced_notification_scheduler
advanced scheduler skipped: no latest reading
Scheduler job finished: app.blueprints.notifications.run_advanced_notification_scheduler
Scheduler listener: job advanced_notifications_check executed
Scheduler job started: app.blueprints.notifications.run_advanced_notification_scheduler
advanced scheduler skipped: no latest reading
Scheduler job finished: app.blueprints.notifications.run_advanced_notification_scheduler
Scheduler listener: job advanced_notifications_check executed
Scheduler job started: app.blueprints.notifications.run_advanced_notification_scheduler
advanced scheduler skipped: no latest reading
Scheduler job finished: app.blueprints.notifications.run_advanced_notification_scheduler
Scheduler listener: job advanced_notifications_check executed
